../Core/Src/main.c:68:6:print_msg	16	static
../Core/Src/main.c:72:6:LD3_start	8	static
../Core/Src/main.c:76:6:LD3_setPeriod	16	static
../Core/Src/main.c:80:6:LD3_setDuty	16	static
../Core/Src/main.c:91:5:main	120	static
../Core/Src/main.c:168:6:SystemClock_Config	88	static
../Core/Src/main.c:215:13:MX_ADC3_Init	24	static
../Core/Src/main.c:267:13:MX_TIM12_Init	56	static
../Core/Src/main.c:319:13:MX_USART3_UART_Init	8	static
../Core/Src/main.c:352:13:MX_USB_OTG_FS_PCD_Init	8	static
../Core/Src/main.c:387:13:MX_GPIO_Init	56	static
../Core/Src/main.c:448:6:Error_Handler	4	static,ignoring_inline_asm
