../Core/Src/main.c:44:6:print_msg	16	static
../Core/Src/main.c:49:6:SineWave	16	static
../Core/Src/main.c:66:6:SineWaveLUT	16	static
../Core/Src/main.c:83:6:SquareWave	48	static
../Core/Src/main.c:114:6:SquareWaveLUT	56	static
../Core/Src/main.c:146:6:SinWaveLUT_fx	24	static
../Core/Src/main.c:163:6:SquareWaveLUT_fx	88	static
../Core/Src/main.c:201:5:main	184	static
../Core/Src/main.c:306:6:SystemClock_Config	88	static
../Core/Src/main.c:350:13:MX_DAC_Init	16	static
../Core/Src/main.c:385:13:MX_TIM6_Init	16	static
../Core/Src/main.c:418:13:MX_USART3_Init	8	static
../Core/Src/main.c:448:13:MX_GPIO_Init	56	static
../Core/Src/main.c:525:6:Error_Handler	4	static,ignoring_inline_asm
