C:/Users/iamra/OneDrive/Desktop/OneDrive - University of Toronto/1. University/2025 - 2026_Third Year/Sem 2/ECE 342/labs/lab0/lab0/Core/Src/main.c:68:5:main	112	static
C:/Users/iamra/OneDrive/Desktop/OneDrive - University of Toronto/1. University/2025 - 2026_Third Year/Sem 2/ECE 342/labs/lab0/lab0/Core/Src/main.c:120:6:SystemClock_Config	88	static
C:/Users/iamra/OneDrive/Desktop/OneDrive - University of Toronto/1. University/2025 - 2026_Third Year/Sem 2/ECE 342/labs/lab0/lab0/Core/Src/main.c:167:13:MX_USART3_UART_Init	8	static
C:/Users/iamra/OneDrive/Desktop/OneDrive - University of Toronto/1. University/2025 - 2026_Third Year/Sem 2/ECE 342/labs/lab0/lab0/Core/Src/main.c:200:13:MX_USB_OTG_FS_PCD_Init	8	static
C:/Users/iamra/OneDrive/Desktop/OneDrive - University of Toronto/1. University/2025 - 2026_Third Year/Sem 2/ECE 342/labs/lab0/lab0/Core/Src/main.c:235:13:MX_GPIO_Init	56	static
C:/Users/iamra/OneDrive/Desktop/OneDrive - University of Toronto/1. University/2025 - 2026_Third Year/Sem 2/ECE 342/labs/lab0/lab0/Core/Src/main.c:289:6:Error_Handler	4	static,ignoring_inline_asm
