C:/Users/iamra/OneDrive/Desktop/OneDrive - University of Toronto/1. University/2025 - 2026_Third Year/Sem 2/ECE 342/labs/lab0/lab0/Core/Src/stm32f4xx_it.c:69:6:NMI_Handler	4	static
C:/Users/iamra/OneDrive/Desktop/OneDrive - University of Toronto/1. University/2025 - 2026_Third Year/Sem 2/ECE 342/labs/lab0/lab0/Core/Src/stm32f4xx_it.c:84:6:HardFault_Handler	4	static
C:/Users/iamra/OneDrive/Desktop/OneDrive - University of Toronto/1. University/2025 - 2026_Third Year/Sem 2/ECE 342/labs/lab0/lab0/Core/Src/stm32f4xx_it.c:99:6:MemManage_Handler	4	static
C:/Users/iamra/OneDrive/Desktop/OneDrive - University of Toronto/1. University/2025 - 2026_Third Year/Sem 2/ECE 342/labs/lab0/lab0/Core/Src/stm32f4xx_it.c:114:6:BusFault_Handler	4	static
C:/Users/iamra/OneDrive/Desktop/OneDrive - University of Toronto/1. University/2025 - 2026_Third Year/Sem 2/ECE 342/labs/lab0/lab0/Core/Src/stm32f4xx_it.c:129:6:UsageFault_Handler	4	static
C:/Users/iamra/OneDrive/Desktop/OneDrive - University of Toronto/1. University/2025 - 2026_Third Year/Sem 2/ECE 342/labs/lab0/lab0/Core/Src/stm32f4xx_it.c:144:6:SVC_Handler	4	static
C:/Users/iamra/OneDrive/Desktop/OneDrive - University of Toronto/1. University/2025 - 2026_Third Year/Sem 2/ECE 342/labs/lab0/lab0/Core/Src/stm32f4xx_it.c:157:6:DebugMon_Handler	4	static
C:/Users/iamra/OneDrive/Desktop/OneDrive - University of Toronto/1. University/2025 - 2026_Third Year/Sem 2/ECE 342/labs/lab0/lab0/Core/Src/stm32f4xx_it.c:170:6:PendSV_Handler	4	static
C:/Users/iamra/OneDrive/Desktop/OneDrive - University of Toronto/1. University/2025 - 2026_Third Year/Sem 2/ECE 342/labs/lab0/lab0/Core/Src/stm32f4xx_it.c:183:6:SysTick_Handler	8	static
