../Core/Src/ssd1306.c:43:6:SSD1306_UpdateScreen	16	static
../Core/Src/ssd1306.c:54:6:SSD1306_Fill	16	static
../Core/Src/ssd1306.c:59:6:SSD1306_Clear	8	static
../Core/Src/ssd1306.c:65:6:ssd1306_I2C_Write	56	dynamic
../Core/Src/ssd1306.c:81:19:SSD1306_Init	8	static
../Core/Src/ssd1306.c:110:19:SSD1306_DrawPixel	16	static
../Core/Src/ssd1306.c:126:6:SSD1306_Scroll	16	static
../Core/Src/ssd1306.c:143:6:SSD1306_Stopscroll	16	static
../Core/Src/ssd1306.c:149:6:SSD1306_Putc	40	static
../Core/Src/ssd1306.c:167:19:SSD1306_Puts	16	static
