Archive member included to satisfy reference by file (symbol)

C:/ST/STM32CubeIDE_2.0.0/STM32CubeIDE/plugins/com.st.stm32cube.ide.mcu.externaltools.gnu-tools-for-stm32.13.3.rel1.win32_1.0.100.202509120712/tools/bin/../lib/gcc/arm-none-eabi/13.3.1/../../../../arm-none-eabi/lib/thumb/v7e-m+fp/hard\libc_nano.a(libc_a-exit.o)
                              C:/ST/STM32CubeIDE_2.0.0/STM32CubeIDE/plugins/com.st.stm32cube.ide.mcu.externaltools.gnu-tools-for-stm32.13.3.rel1.win32_1.0.100.202509120712/tools/bin/../lib/gcc/arm-none-eabi/13.3.1/../../../../arm-none-eabi/lib/thumb/v7e-m+fp/hard/crt0.o (exit)
C:/ST/STM32CubeIDE_2.0.0/STM32CubeIDE/plugins/com.st.stm32cube.ide.mcu.externaltools.gnu-tools-for-stm32.13.3.rel1.win32_1.0.100.202509120712/tools/bin/../lib/gcc/arm-none-eabi/13.3.1/../../../../arm-none-eabi/lib/thumb/v7e-m+fp/hard\libc_nano.a(libc_a-findfp.o)
                              C:/ST/STM32CubeIDE_2.0.0/STM32CubeIDE/plugins/com.st.stm32cube.ide.mcu.externaltools.gnu-tools-for-stm32.13.3.rel1.win32_1.0.100.202509120712/tools/bin/../lib/gcc/arm-none-eabi/13.3.1/../../../../arm-none-eabi/lib/thumb/v7e-m+fp/hard\libc_nano.a(libc_a-exit.o) (__stdio_exit_handler)
C:/ST/STM32CubeIDE_2.0.0/STM32CubeIDE/plugins/com.st.stm32cube.ide.mcu.externaltools.gnu-tools-for-stm32.13.3.rel1.win32_1.0.100.202509120712/tools/bin/../lib/gcc/arm-none-eabi/13.3.1/../../../../arm-none-eabi/lib/thumb/v7e-m+fp/hard\libc_nano.a(libc_a-fwalk.o)
                              C:/ST/STM32CubeIDE_2.0.0/STM32CubeIDE/plugins/com.st.stm32cube.ide.mcu.externaltools.gnu-tools-for-stm32.13.3.rel1.win32_1.0.100.202509120712/tools/bin/../lib/gcc/arm-none-eabi/13.3.1/../../../../arm-none-eabi/lib/thumb/v7e-m+fp/hard\libc_nano.a(libc_a-findfp.o) (_fwalk_sglue)
C:/ST/STM32CubeIDE_2.0.0/STM32CubeIDE/plugins/com.st.stm32cube.ide.mcu.externaltools.gnu-tools-for-stm32.13.3.rel1.win32_1.0.100.202509120712/tools/bin/../lib/gcc/arm-none-eabi/13.3.1/../../../../arm-none-eabi/lib/thumb/v7e-m+fp/hard\libc_nano.a(libc_a-stdio.o)
                              C:/ST/STM32CubeIDE_2.0.0/STM32CubeIDE/plugins/com.st.stm32cube.ide.mcu.externaltools.gnu-tools-for-stm32.13.3.rel1.win32_1.0.100.202509120712/tools/bin/../lib/gcc/arm-none-eabi/13.3.1/../../../../arm-none-eabi/lib/thumb/v7e-m+fp/hard\libc_nano.a(libc_a-findfp.o) (__sread)
C:/ST/STM32CubeIDE_2.0.0/STM32CubeIDE/plugins/com.st.stm32cube.ide.mcu.externaltools.gnu-tools-for-stm32.13.3.rel1.win32_1.0.100.202509120712/tools/bin/../lib/gcc/arm-none-eabi/13.3.1/../../../../arm-none-eabi/lib/thumb/v7e-m+fp/hard\libc_nano.a(libc_a-memset.o)
                              C:/ST/STM32CubeIDE_2.0.0/STM32CubeIDE/plugins/com.st.stm32cube.ide.mcu.externaltools.gnu-tools-for-stm32.13.3.rel1.win32_1.0.100.202509120712/tools/bin/../lib/gcc/arm-none-eabi/13.3.1/../../../../arm-none-eabi/lib/thumb/v7e-m+fp/hard/crt0.o (memset)
C:/ST/STM32CubeIDE_2.0.0/STM32CubeIDE/plugins/com.st.stm32cube.ide.mcu.externaltools.gnu-tools-for-stm32.13.3.rel1.win32_1.0.100.202509120712/tools/bin/../lib/gcc/arm-none-eabi/13.3.1/../../../../arm-none-eabi/lib/thumb/v7e-m+fp/hard\libc_nano.a(libc_a-closer.o)
                              C:/ST/STM32CubeIDE_2.0.0/STM32CubeIDE/plugins/com.st.stm32cube.ide.mcu.externaltools.gnu-tools-for-stm32.13.3.rel1.win32_1.0.100.202509120712/tools/bin/../lib/gcc/arm-none-eabi/13.3.1/../../../../arm-none-eabi/lib/thumb/v7e-m+fp/hard\libc_nano.a(libc_a-stdio.o) (_close_r)
C:/ST/STM32CubeIDE_2.0.0/STM32CubeIDE/plugins/com.st.stm32cube.ide.mcu.externaltools.gnu-tools-for-stm32.13.3.rel1.win32_1.0.100.202509120712/tools/bin/../lib/gcc/arm-none-eabi/13.3.1/../../../../arm-none-eabi/lib/thumb/v7e-m+fp/hard\libc_nano.a(libc_a-reent.o)
                              C:/ST/STM32CubeIDE_2.0.0/STM32CubeIDE/plugins/com.st.stm32cube.ide.mcu.externaltools.gnu-tools-for-stm32.13.3.rel1.win32_1.0.100.202509120712/tools/bin/../lib/gcc/arm-none-eabi/13.3.1/../../../../arm-none-eabi/lib/thumb/v7e-m+fp/hard\libc_nano.a(libc_a-closer.o) (errno)
C:/ST/STM32CubeIDE_2.0.0/STM32CubeIDE/plugins/com.st.stm32cube.ide.mcu.externaltools.gnu-tools-for-stm32.13.3.rel1.win32_1.0.100.202509120712/tools/bin/../lib/gcc/arm-none-eabi/13.3.1/../../../../arm-none-eabi/lib/thumb/v7e-m+fp/hard\libc_nano.a(libc_a-impure.o)
                              C:/ST/STM32CubeIDE_2.0.0/STM32CubeIDE/plugins/com.st.stm32cube.ide.mcu.externaltools.gnu-tools-for-stm32.13.3.rel1.win32_1.0.100.202509120712/tools/bin/../lib/gcc/arm-none-eabi/13.3.1/../../../../arm-none-eabi/lib/thumb/v7e-m+fp/hard\libc_nano.a(libc_a-reent.o) (_impure_ptr)
C:/ST/STM32CubeIDE_2.0.0/STM32CubeIDE/plugins/com.st.stm32cube.ide.mcu.externaltools.gnu-tools-for-stm32.13.3.rel1.win32_1.0.100.202509120712/tools/bin/../lib/gcc/arm-none-eabi/13.3.1/../../../../arm-none-eabi/lib/thumb/v7e-m+fp/hard\libc_nano.a(libc_a-lseekr.o)
[...]
Memory Configuration

Name             Origin             Length             Attributes
RAM              0x20000000         0x00020000         xrw
FLASH            0x08000000         0x00080000         xr
*default*        0x00000000         0xffffffff

Linker script and memory map

LOAD C:/ST/STM32CubeIDE_2.0.0/STM32CubeIDE/plugins/com.st.stm32cube.ide.mcu.externaltools.gnu-tools-for-stm32.13.3.rel1.win32_1.0.100.202509120712/tools/bin/../lib/gcc/arm-none-eabi/13.3.1/thumb/v7e-m+fp/hard/crti.o
LOAD C:/ST/STM32CubeIDE_2.0.0/STM32CubeIDE/plugins/com.st.stm32cube.ide.mcu.externaltools.gnu-tools-for-stm32.13.3.rel1.win32_1.0.100.202509120712/tools/bin/../lib/gcc/arm-none-eabi/13.3.1/thumb/v7e-m+fp/hard/crtbegin.o
LOAD C:/ST/STM32CubeIDE_2.0.0/STM32CubeIDE/plugins/com.st.stm32cube.ide.mcu.externaltools.gnu-tools-for-stm32.13.3.rel1.win32_1.0.100.202509120712/tools/bin/../lib/gcc/arm-none-eabi/13.3.1/../../../../arm-none-eabi/lib/thumb/v7e-m+fp/hard/crt0.o
LOAD ./Core/Src/fonts.o
LOAD ./Core/Src/main.o
LOAD ./Core/Src/ssd1306.o
LOAD ./Core/Src/stm32f4xx_hal_msp.o
LOAD ./Core/Src/stm32f4xx_it.o
LOAD ./Core/Src/syscalls.o
LOAD ./Core/Src/sysmem.o
LOAD ./Core/Src/system_stm32f4xx.o
LOAD ./Core/Startup/startup_stm32f446zetx.o
LOAD ./Drivers/STM32F4xx_HAL_Driver/Src/stm32f4xx_hal.o
LOAD ./Drivers/STM32F4xx_HAL_Driver/Src/stm32f4xx_hal_cortex.o
LOAD ./Drivers/STM32F4xx_HAL_Driver/Src/stm32f4xx_hal_dma.o
LOAD ./Drivers/STM32F4xx_HAL_Driver/Src/stm32f4xx_hal_dma_ex.o
LOAD ./Drivers/STM32F4xx_HAL_Driver/Src/stm32f4xx_hal_exti.o
LOAD ./Drivers/STM32F4xx_HAL_Driver/Src/stm32f4xx_hal_flash.o
LOAD ./Drivers/STM32F4xx_HAL_Driver/Src/stm32f4xx_hal_flash_ex.o
LOAD ./Drivers/STM32F4xx_HAL_Driver/Src/stm32f4xx_hal_flash_ramfunc.o
LOAD ./Drivers/STM32F4xx_HAL_Driver/Src/stm32f4xx_hal_gpio.o
LOAD ./Drivers/STM32F4xx_HAL_Driver/Src/stm32f4xx_hal_i2c.o
LOAD ./Drivers/STM32F4xx_HAL_Driver/Src/stm32f4xx_hal_i2c_ex.o
LOAD ./Drivers/STM32F4xx_HAL_Driver/Src/stm32f4xx_hal_pcd.o
LOAD ./Drivers/STM32F4xx_HAL_Driver/Src/stm32f4xx_hal_pcd_ex.o
LOAD ./Drivers/STM32F4xx_HAL_Driver/Src/stm32f4xx_hal_pwr.o
LOAD ./Drivers/STM32F4xx_HAL_Driver/Src/stm32f4xx_hal_pwr_ex.o
LOAD ./Drivers/STM32F4xx_HAL_Driver/Src/stm32f4xx_hal_rcc.o
LOAD ./Drivers/STM32F4xx_HAL_Driver/Src/stm32f4xx_hal_rcc_ex.o
LOAD ./Drivers/STM32F4xx_HAL_Driver/Src/stm32f4xx_hal_uart.o
LOAD ./Drivers/STM32F4xx_HAL_Driver/Src/stm32f4xx_ll_usb.o
START GROUP
LOAD C:/ST/STM32CubeIDE_2.0.0/STM32CubeIDE/plugins/com.st.stm32cube.ide.mcu.externaltools.gnu-tools-for-stm32.13.3.rel1.win32_1.0.100.202509120712/tools/bin/../lib/gcc/arm-none-eabi/13.3.1/../../../../arm-none-eabi/lib/thumb/v7e-m+fp/hard\libc_nano.a
LOAD C:/ST/STM32CubeIDE_2.0.0/STM32CubeIDE/plugins/com.st.stm32cube.ide.mcu.externaltools.gnu-tools-for-stm32.13.3.rel1.win32_1.0.100.202509120712/tools/bin/../lib/gcc/arm-none-eabi/13.3.1/../../../../arm-none-eabi/lib/thumb/v7e-m+fp/hard\libm.a
END GROUP
START GROUP
LOAD C:/ST/STM32CubeIDE_2.0.0/STM32CubeIDE/plugins/com.st.stm32cube.ide.mcu.externaltools.gnu-tools-for-stm32.13.3.rel1.win32_1.0.100.202509120712/tools/bin/../lib/gcc/arm-none-eabi/13.3.1/thumb/v7e-m+fp/hard\libgcc.a
LOAD C:/ST/STM32CubeIDE_2.0.0/STM32CubeIDE/plugins/com.st.stm32cube.ide.mcu.externaltools.gnu-tools-for-stm32.13.3.rel1.win32_1.0.100.202509120712/tools/bin/../lib/gcc/arm-none-eabi/13.3.1/../../../../arm-none-eabi/lib/thumb/v7e-m+fp/hard\libc_nano.a
END GROUP
START GROUP
LOAD C:/ST/STM32CubeIDE_2.0.0/STM32CubeIDE/plugins/com.st.stm32cube.ide.mcu.externaltools.gnu-tools-for-stm32.13.3.rel1.win32_1.0.100.202509120712/tools/bin/../lib/gcc/arm-none-eabi/13.3.1/thumb/v7e-m+fp/hard\libgcc.a
LOAD C:/ST/STM32CubeIDE_2.0.0/STM32CubeIDE/plugins/com.st.stm32cube.ide.mcu.externaltools.gnu-tools-for-stm32.13.3.rel1.win32_1.0.100.202509120712/tools/bin/../lib/gcc/arm-none-eabi/13.3.1/../../../../arm-none-eabi/lib/thumb/v7e-m+fp/hard\libc_nano.a
LOAD C:/ST/STM32CubeIDE_2.0.0/STM32CubeIDE/plugins/com.st.stm32cube.ide.mcu.externaltools.gnu-tools-for-stm32.13.3.rel1.win32_1.0.100.202509120712/tools/bin/../lib/gcc/arm-none-eabi/13.3.1/../../../../arm-none-eabi/lib/thumb/v7e-m+fp/hard\libnosys.a
END GROUP
START GROUP
LOAD C:/ST/STM32CubeIDE_2.0.0/STM32CubeIDE/plugins/com.st.stm32cube.ide.mcu.externaltools.gnu-tools-for-stm32.13.3.rel1.win32_1.0.100.202509120712/tools/bin/../lib/gcc/arm-none-eabi/13.3.1/thumb/v7e-m+fp/hard\libgcc.a
LOAD C:/ST/STM32CubeIDE_2.0.0/STM32CubeIDE/plugins/com.st.stm32cube.ide.mcu.externaltools.gnu-tools-for-stm32.13.3.rel1.win32_1.0.100.202509120712/tools/bin/../lib/gcc/arm-none-eabi/13.3.1/../../../../arm-none-eabi/lib/thumb/v7e-m+fp/hard\libc_nano.a
LOAD C:/ST/STM32CubeIDE_2.0.0/STM32CubeIDE/plugins/com.st.stm32cube.ide.mcu.externaltools.gnu-tools-for-stm32.13.3.rel1.win32_1.0.100.202509120712/tools/bin/../lib/gcc/arm-none-eabi/13.3.1/../../../../arm-none-eabi/lib/thumb/v7e-m+fp/hard\libnosys.a
END GROUP
LOAD C:/ST/STM32CubeIDE_2.0.0/STM32CubeIDE/plugins/com.st.stm32cube.ide.mcu.externaltools.gnu-tools-for-stm32.13.3.rel1.win32_1.0.100.202509120712/tools/bin/../lib/gcc/arm-none-eabi/13.3.1/thumb/v7e-m+fp/hard/crtend.o
LOAD C:/ST/STM32CubeIDE_2.0.0/STM32CubeIDE/plugins/com.st.stm32cube.ide.mcu.externaltools.gnu-tools-for-stm32.13.3.rel1.win32_1.0.100.202509120712/tools/bin/../lib/gcc/arm-none-eabi/13.3.1/thumb/v7e-m+fp/hard/crtn.o
                0x20020000                        _estack = (ORIGIN (RAM) + LENGTH (RAM))
                0x00000200                        _Min_Heap_Size = 0x200
                0x00000400                        _Min_Stack_Size = 0x400

.isr_vector     0x08000000      0x1c4
                0x08000000                        . = ALIGN (0x4)
 *(.isr_vector)
 .isr_vector    0x08000000      0x1c4 ./Core/Startup/startup_stm32f446zetx.o
                0x08000000                g_pfnVectors
                0x080001c4                        . = ALIGN (0x4)

.text           0x080001c4     0x411c
                0x080001c4                        . = ALIGN (0x4)
 *(.text)
 .text          0x080001c4       0x40 C:/ST/STM32CubeIDE_2.0.0/STM32CubeIDE/plugins/com.st.stm32cube.ide.mcu.externaltools.gnu-tools-for-stm32.13.3.rel1.win32_1.0.100.202509120712/tools/bin/../lib/gcc/arm-none-eabi/13.3.1/thumb/v7e-m+fp/hard/crtbegin.o
 .text          0x08000204       0x30 C:/ST/STM32CubeIDE_2.0.0/STM32CubeIDE/plugins/com.st.stm32cube.ide.mcu.externaltools.gnu-tools-for-stm32.13.3.rel1.win32_1.0.100.202509120712/tools/bin/../lib/gcc/arm-none-eabi/13.3.1/thumb/v7e-m+fp/hard\libgcc.a(_aeabi_uldivmod.o)
                0x08000204                __aeabi_uldivmod
 .text          0x08000234      0x2f8 C:/ST/STM32CubeIDE_2.0.0/STM32CubeIDE/plugins/com.st.stm32cube.ide.mcu.externaltools.gnu-tools-for-stm32.13.3.rel1.win32_1.0.100.202509120712/tools/bin/../lib/gcc/arm-none-eabi/13.3.1/thumb/v7e-m+fp/hard\libgcc.a(_udivmoddi4.o)
                0x08000234                __udivmoddi4
 .text          0x0800052c        0x4 C:/ST/STM32CubeIDE_2.0.0/STM32CubeIDE/plugins/com.st.stm32cube.ide.mcu.externaltools.gnu-tools-for-stm32.13.3.rel1.win32_1.0.100.202509120712/tools/bin/../lib/gcc/arm-none-eabi/13.3.1/thumb/v7e-m+fp/hard\libgcc.a(_dvmd_tls.o)
                0x0800052c                __aeabi_idiv0
                0x0800052c                __aeabi_ldiv0
 *(.text*)
 .text.main     0x08000530       0xb8 ./Core/Src/main.o
                0x08000530                main
 .text.SystemClock_Config
                0x080005e8       0xd8 ./Core/Src/main.o
                0x080005e8                SystemClock_Config
 .text.MX_I2C2_Init
                0x080006c0       0x5c ./Core/Src/main.o
 .text.MX_USART3_UART_Init
                0x0800071c       0x54 ./Core/Src/main.o
 .text.MX_USB_OTG_FS_PCD_Init
                0x08000770       0x5c ./Core/Src/main.o
 .text.MX_GPIO_Init
                0x080007cc      0x178 ./Core/Src/main.o
 .text.Error_Handler
                0x08000944        0xc ./Core/Src/main.o
                0x08000944                Error_Handler
 .text.SSD1306_UpdateScreen
                0x08000950       0x60 ./Core/Src/ssd1306.o
                0x08000950                SSD1306_UpdateScreen
 .text.SSD1306_Fill
                0x080009b0       0x30 ./Core/Src/ssd1306.o
                0x080009b0                SSD1306_Fill
 .text.SSD1306_Clear
                0x080009e0       0x12 ./Core/Src/ssd1306.o
                0x080009e0                SSD1306_Clear
 *fill*         0x080009f2        0x2 
 .text.ssd1306_I2C_Write
                0x080009f4       0xac ./Core/Src/ssd1306.o
                0x080009f4                ssd1306_I2C_Write
 .text.SSD1306_Init
                0x08000aa0       0x48 ./Core/Src/ssd1306.o
                0x08000aa0                SSD1306_Init
 .text.SSD1306_DrawPixel
                0x08000ae8       0xa8 ./Core/Src/ssd1306.o
                0x08000ae8                SSD1306_DrawPixel
 .text.SSD1306_Scroll
                0x08000b90       0x64 ./Core/Src/ssd1306.o
                0x08000b90                SSD1306_Scroll
 .text.SSD1306_Stopscroll
                0x08000bf4       0x1e ./Core/Src/ssd1306.o
                0x08000bf4                SSD1306_Stopscroll
 .text.SSD1306_Putc
                0x08000c12       0x9a ./Core/Src/ssd1306.o
                0x08000c12                SSD1306_Putc
 .text.SSD1306_Puts
                0x08000cac       0x74 ./Core/Src/ssd1306.o
                0x08000cac                SSD1306_Puts
 .text.HAL_MspInit
                0x08000d20       0x50 ./Core/Src/stm32f4xx_hal_msp.o
                0x08000d20                HAL_MspInit
 .text.HAL_I2C_MspInit
                0x08000d70       0x90 ./Core/Src/stm32f4xx_hal_msp.o
                0x08000d70                HAL_I2C_MspInit
 .text.HAL_UART_MspInit
                0x08000e00       0x90 ./Core/Src/stm32f4xx_hal_msp.o
                0x08000e00                HAL_UART_MspInit
 .text.HAL_PCD_MspInit
                0x08000e90       0xe0 ./Core/Src/stm32f4xx_hal_msp.o
                0x08000e90                HAL_PCD_MspInit
 .text.NMI_Handler
                0x08000f70        0x8 ./Core/Src/stm32f4xx_it.o
                0x08000f70                NMI_Handler
 .text.HardFault_Handler
                0x08000f78        0x8 ./Core/Src/stm32f4xx_it.o
                0x08000f78                HardFault_Handler
 .text.MemManage_Handler
                0x08000f80        0x8 ./Core/Src/stm32f4xx_it.o
                0x08000f80                MemManage_Handler
 .text.BusFault_Handler
                0x08000f88        0x8 ./Core/Src/stm32f4xx_it.o
                0x08000f88                BusFault_Handler
 .text.UsageFault_Handler
                0x08000f90        0x8 ./Core/Src/stm32f4xx_it.o
                0x08000f90                UsageFault_Handler
 .text.SVC_Handler
                0x08000f98        0xe ./Core/Src/stm32f4xx_it.o
                0x08000f98                SVC_Handler
 .text.DebugMon_Handler
                0x08000fa6        0xe ./Core/Src/stm32f4xx_it.o
                0x08000fa6                DebugMon_Handler
 .text.PendSV_Handler
                0x08000fb4        0xe ./Core/Src/stm32f4xx_it.o
                0x08000fb4                PendSV_Handler
 .text.SysTick_Handler
                0x08000fc2        0xc ./Core/Src/stm32f4xx_it.o
                0x08000fc2                SysTick_Handler
 *fill*         0x08000fce        0x2 
 .text.SystemInit
                0x08000fd0       0x24 ./Core/Src/system_stm32f4xx.o
                0x08000fd0                SystemInit
 .text.Reset_Handler
                0x08000ff4       0x50 ./Core/Startup/startup_stm32f446zetx.o
                0x08000ff4                Reset_Handler
 .text.Default_Handler
                0x08001044        0x2 ./Core/Startup/startup_stm32f446zetx.o
                0x08001044                RTC_Alarm_IRQHandler
                0x08001044                EXTI2_IRQHandler
                0x08001044                TIM8_CC_IRQHandler
                0x08001044                FMPI2C1_EV_IRQHandler
                0x08001044                SPI4_IRQHandler
                0x08001044                TIM1_CC_IRQHandler
                0x08001044                DMA2_Stream5_IRQHandler
                0x08001044                DMA1_Stream5_IRQHandler
                0x08001044                PVD_IRQHandler
                0x08001044                SDIO_IRQHandler
                0x08001044                TAMP_STAMP_IRQHandler
                0x08001044                CAN2_RX1_IRQHandler
                0x08001044                EXTI3_IRQHandler
                0x08001044                TIM8_TRG_COM_TIM14_IRQHandler
                0x08001044                TIM1_UP_TIM10_IRQHandler
                0x08001044                TIM8_UP_TIM13_IRQHandler
                0x08001044                I2C3_ER_IRQHandler
                0x08001044                EXTI0_IRQHandler
                0x08001044                I2C2_EV_IRQHandler
                0x08001044                DMA1_Stream2_IRQHandler
                0x08001044                CAN1_RX0_IRQHandler
                0x08001044                FPU_IRQHandler
                0x08001044                OTG_HS_WKUP_IRQHandler
                0x08001044                CAN2_SCE_IRQHandler
                0x08001044                DMA2_Stream2_IRQHandler
                0x08001044                SPI1_IRQHandler
                0x08001044                TIM6_DAC_IRQHandler
                0x08001044                TIM1_BRK_TIM9_IRQHandler
                0x08001044                DCMI_IRQHandler
                0x08001044                CAN2_RX0_IRQHandler
                0x08001044                DMA2_Stream3_IRQHandler
                0x08001044                SAI2_IRQHandler
                0x08001044                USART6_IRQHandler
                0x08001044                USART3_IRQHandler
                0x08001044                CAN1_RX1_IRQHandler
                0x08001044                UART5_IRQHandler
                0x08001044                DMA2_Stream0_IRQHandler
                0x08001044                TIM4_IRQHandler
                0x08001044                QUADSPI_IRQHandler
                0x08001044                I2C1_EV_IRQHandler
                0x08001044                DMA1_Stream6_IRQHandler
                0x08001044                DMA1_Stream1_IRQHandler
                0x08001044                UART4_IRQHandler
                0x08001044                TIM3_IRQHandler
                0x08001044                RCC_IRQHandler
                0x08001044                TIM8_BRK_TIM12_IRQHandler
                0x08001044                Default_Handler
                0x08001044                CEC_IRQHandler
                0x08001044                EXTI15_10_IRQHandler
                0x08001044                ADC_IRQHandler
                0x08001044                DMA1_Stream7_IRQHandler
                0x08001044                TIM7_IRQHandler
                0x08001044                CAN2_TX_IRQHandler
                0x08001044                TIM5_IRQHandler
                0x08001044                DMA2_Stream7_IRQHandler
                0x08001044                I2C3_EV_IRQHandler
                0x08001044                EXTI9_5_IRQHandler
                0x08001044                RTC_WKUP_IRQHandler
                0x08001044                SPDIF_RX_IRQHandler
                0x08001044                SPI2_IRQHandler
                0x08001044                OTG_HS_EP1_IN_IRQHandler
                0x08001044                DMA1_Stream0_IRQHandler
                0x08001044                CAN1_TX_IRQHandler
                0x08001044                FMPI2C1_ER_IRQHandler
                0x08001044                EXTI4_IRQHandler
                0x08001044                OTG_HS_EP1_OUT_IRQHandler
                0x08001044                WWDG_IRQHandler
                0x08001044                TIM2_IRQHandler
                0x08001044                OTG_FS_WKUP_IRQHandler
                0x08001044                TIM1_TRG_COM_TIM11_IRQHandler
                0x08001044                OTG_HS_IRQHandler
                0x08001044                EXTI1_IRQHandler
                0x08001044                USART2_IRQHandler
                0x08001044                I2C2_ER_IRQHandler
                0x08001044                DMA2_Stream1_IRQHandler
                0x08001044                CAN1_SCE_IRQHandler
                0x08001044                FLASH_IRQHandler
                0x08001044                DMA2_Stream4_IRQHandler
                0x08001044                USART1_IRQHandler
                0x08001044                OTG_FS_IRQHandler
                0x08001044                SPI3_IRQHandler
                0x08001044                DMA1_Stream4_IRQHandler
                0x08001044                I2C1_ER_IRQHandler
                0x08001044                FMC_IRQHandler
                0x08001044                DMA2_Stream6_IRQHandler
                0x08001044                SAI1_IRQHandler
                0x08001044                DMA1_Stream3_IRQHandler
 *fill*         0x08001046        0x2 
 .text.HAL_Init
                0x08001048       0x44 ./Drivers/STM32F4xx_HAL_Driver/Src/stm32f4xx_hal.o
                0x08001048                HAL_Init
 .text.HAL_InitTick
                0x0800108c       0x60 ./Drivers/STM32F4xx_HAL_Driver/Src/stm32f4xx_hal.o
                0x0800108c                HAL_InitTick
 .text.HAL_IncTick
                0x080010ec       0x28 ./Drivers/STM32F4xx_HAL_Driver/Src/stm32f4xx_hal.o
                0x080010ec                HAL_IncTick
 .text.HAL_GetTick
                0x08001114       0x18 ./Drivers/STM32F4xx_HAL_Driver/Src/stm32f4xx_hal.o
                0x08001114                HAL_GetTick
 .text.HAL_Delay
                0x0800112c       0x48 ./Drivers/STM32F4xx_HAL_Driver/Src/stm32f4xx_hal.o
                0x0800112c                HAL_Delay
 .text.__NVIC_SetPriorityGrouping
                0x08001174       0x48 ./Drivers/STM32F4xx_HAL_Driver/Src/stm32f4xx_hal_cortex.o
 .text.__NVIC_GetPriorityGrouping
                0x080011bc       0x1c ./Drivers/STM32F4xx_HAL_Driver/Src/stm32f4xx_hal_cortex.o
 .text.__NVIC_SetPriority
                0x080011d8       0x54 ./Drivers/STM32F4xx_HAL_Driver/Src/stm32f4xx_hal_cortex.o
 .text.NVIC_EncodePriority
                0x0800122c       0x66 ./Drivers/STM32F4xx_HAL_Driver/Src/stm32f4xx_hal_cortex.o
 *fill*         0x08001292        0x2 
 .text.SysTick_Config
                0x08001294       0x44 ./Drivers/STM32F4xx_HAL_Driver/Src/stm32f4xx_hal_cortex.o
 .text.HAL_NVIC_SetPriorityGrouping
                0x080012d8       0x16 ./Drivers/STM32F4xx_HAL_Driver/Src/stm32f4xx_hal_cortex.o
                0x080012d8                HAL_NVIC_SetPriorityGrouping
 .text.HAL_NVIC_SetPriority
                0x080012ee       0x38 ./Drivers/STM32F4xx_HAL_Driver/Src/stm32f4xx_hal_cortex.o
                0x080012ee                HAL_NVIC_SetPriority
 .text.HAL_SYSTICK_Config
                0x08001326       0x18 ./Drivers/STM32F4xx_HAL_Driver/Src/stm32f4xx_hal_cortex.o
                0x08001326                HAL_SYSTICK_Config
 *fill*         0x0800133e        0x2 
 .text.HAL_GPIO_Init
                0x08001340      0x328 ./Drivers/STM32F4xx_HAL_Driver/Src/stm32f4xx_hal_gpio.o
                0x08001340                HAL_GPIO_Init
 .text.HAL_GPIO_WritePin
                0x08001668       0x32 ./Drivers/STM32F4xx_HAL_Driver/Src/stm32f4xx_hal_gpio.o
                0x08001668                HAL_GPIO_WritePin
 *fill*         0x0800169a        0x2 
 .text.HAL_I2C_Init
                0x0800169c      0x288 ./Drivers/STM32F4xx_HAL_Driver/Src/stm32f4xx_hal_i2c.o
                0x0800169c                HAL_I2C_Init
 .text.HAL_I2C_Master_Transmit
                0x08001924      0x1fc ./Drivers/STM32F4xx_HAL_Driver/Src/stm32f4xx_hal_i2c.o
                0x08001924                HAL_I2C_Master_Transmit
 .text.HAL_I2C_IsDeviceReady
                0x08001b20      0x25c ./Drivers/STM32F4xx_HAL_Driver/Src/stm32f4xx_hal_i2c.o
                0x08001b20                HAL_I2C_IsDeviceReady
 .text.I2C_MasterRequestWrite
                0x08001d7c      0x104 ./Drivers/STM32F4xx_HAL_Driver/Src/stm32f4xx_hal_i2c.o
 .text.I2C_WaitOnFlagUntilTimeout
                0x08001e80       0xf4 ./Drivers/STM32F4xx_HAL_Driver/Src/stm32f4xx_hal_i2c.o
 .text.I2C_WaitOnMasterAddressFlagUntilTimeout
                0x08001f74      0x140 ./Drivers/STM32F4xx_HAL_Driver/Src/stm32f4xx_hal_i2c.o
 .text.I2C_WaitOnTXEFlagUntilTimeout
                0x080020b4       0x90 ./Drivers/STM32F4xx_HAL_Driver/Src/stm32f4xx_hal_i2c.o
 .text.I2C_WaitOnBTFFlagUntilTimeout
                0x08002144       0x90 ./Drivers/STM32F4xx_HAL_Driver/Src/stm32f4xx_hal_i2c.o
 .text.I2C_IsAcknowledgeFailed
                0x080021d4       0x5e ./Drivers/STM32F4xx_HAL_Driver/Src/stm32f4xx_hal_i2c.o
 .text.HAL_PCD_Init
                0x08002232      0x22c ./Drivers/STM32F4xx_HAL_Driver/Src/stm32f4xx_hal_pcd.o
                0x08002232                HAL_PCD_Init
 .text.HAL_PCDEx_ActivateLPM
                0x0800245e       0x48 ./Drivers/STM32F4xx_HAL_Driver/Src/stm32f4xx_hal_pcd_ex.o
                0x0800245e                HAL_PCDEx_ActivateLPM
 *fill*         0x080024a6        0x2 
 .text.HAL_RCC_ClockConfig
                0x080024a8      0x1cc ./Drivers/STM32F4xx_HAL_Driver/Src/stm32f4xx_hal_rcc.o
                0x080024a8                HAL_RCC_ClockConfig
 .text.HAL_RCC_GetHCLKFreq
                0x08002674       0x18 ./Drivers/STM32F4xx_HAL_Driver/Src/stm32f4xx_hal_rcc.o
                0x08002674                HAL_RCC_GetHCLKFreq
 .text.HAL_RCC_GetPCLK1Freq
                0x0800268c       0x28 ./Drivers/STM32F4xx_HAL_Driver/Src/stm32f4xx_hal_rcc.o
                0x0800268c                HAL_RCC_GetPCLK1Freq
 .text.HAL_RCC_GetPCLK2Freq
                0x080026b4       0x28 ./Drivers/STM32F4xx_HAL_Driver/Src/stm32f4xx_hal_rcc.o
                0x080026b4                HAL_RCC_GetPCLK2Freq
 .text.HAL_RCCEx_PeriphCLKConfig
                0x080026dc      0x654 ./Drivers/STM32F4xx_HAL_Driver/Src/stm32f4xx_hal_rcc_ex.o
                0x080026dc                HAL_RCCEx_PeriphCLKConfig
 .text.HAL_RCC_GetSysClockFreq
                0x08002d30      0x460 ./Drivers/STM32F4xx_HAL_Driver/Src/stm32f4xx_hal_rcc_ex.o
                0x08002d30                HAL_RCC_GetSysClockFreq
 .text.HAL_RCC_OscConfig
                0x08003190      0x53c ./Drivers/STM32F4xx_HAL_Driver/Src/stm32f4xx_hal_rcc_ex.o
                0x08003190                HAL_RCC_OscConfig
 .text.HAL_UART_Init
                0x080036cc       0xa0 ./Drivers/STM32F4xx_HAL_Driver/Src/stm32f4xx_hal_uart.o
                0x080036cc                HAL_UART_Init
 .text.UART_SetConfig
                0x0800376c      0x4e8 ./Drivers/STM32F4xx_HAL_Driver/Src/stm32f4xx_hal_uart.o
 .text.USB_CoreInit
                0x08003c54       0xc8 ./Drivers/STM32F4xx_HAL_Driver/Src/stm32f4xx_ll_usb.o
                0x08003c54                USB_CoreInit
 .text.USB_DisableGlobalInt
                0x08003d1c       0x22 ./Drivers/STM32F4xx_HAL_Driver/Src/stm32f4xx_ll_usb.o
                0x08003d1c                USB_DisableGlobalInt
 .text.USB_SetCurrentMode
                0x08003d3e       0x98 ./Drivers/STM32F4xx_HAL_Driver/Src/stm32f4xx_ll_usb.o
                0x08003d3e                USB_SetCurrentMode
 *fill*         0x08003dd6        0x2 
 .text.USB_DevInit
                0x08003dd8      0x2bc ./Drivers/STM32F4xx_HAL_Driver/Src/stm32f4xx_ll_usb.o
                0x08003dd8                USB_DevInit
 .text.USB_FlushTxFifo
                0x08004094       0x64 ./Drivers/STM32F4xx_HAL_Driver/Src/stm32f4xx_ll_usb.o
                0x08004094                USB_FlushTxFifo
 .text.USB_FlushRxFifo
                0x080040f8       0x5c ./Drivers/STM32F4xx_HAL_Driver/Src/stm32f4xx_ll_usb.o
                0x080040f8                USB_FlushRxFifo
 .text.USB_SetDevSpeed
                0x08004154       0x32 ./Drivers/STM32F4xx_HAL_Driver/Src/stm32f4xx_ll_usb.o
                0x08004154                USB_SetDevSpeed
 .text.USB_DevDisconnect
                0x08004186       0x42 ./Drivers/STM32F4xx_HAL_Driver/Src/stm32f4xx_ll_usb.o
                0x08004186                USB_DevDisconnect
 .text.USB_GetMode
                0x080041c8       0x1c ./Drivers/STM32F4xx_HAL_Driver/Src/stm32f4xx_ll_usb.o
                0x080041c8                USB_GetMode
 .text.USB_CoreReset
                0x080041e4       0x70 ./Drivers/STM32F4xx_HAL_Driver/Src/stm32f4xx_ll_usb.o
 .text.memset   0x08004254       0x10 C:/ST/STM32CubeIDE_2.0.0/STM32CubeIDE/plugins/com.st.stm32cube.ide.mcu.externaltools.gnu-tools-for-stm32.13.3.rel1.win32_1.0.100.202509120712/tools/bin/../lib/gcc/arm-none-eabi/13.3.1/../../../../arm-none-eabi/lib/thumb/v7e-m+fp/hard\libc_nano.a(libc_a-memset.o)
                0x08004254                memset
 .text.__libc_init_array
                0x08004264       0x48 C:/ST/STM32CubeIDE_2.0.0/STM32CubeIDE/plugins/com.st.stm32cube.ide.mcu.externaltools.gnu-tools-for-stm32.13.3.rel1.win32_1.0.100.202509120712/tools/bin/../lib/gcc/arm-none-eabi/13.3.1/../../../../arm-none-eabi/lib/thumb/v7e-m+fp/hard\libc_nano.a(libc_a-init.o)
                0x08004264                __libc_init_array
 .text.memcpy   0x080042ac       0x1c C:/ST/STM32CubeIDE_2.0.0/STM32CubeIDE/plugins/com.st.stm32cube.ide.mcu.externaltools.gnu-tools-for-stm32.13.3.rel1.win32_1.0.100.202509120712/tools/bin/../lib/gcc/arm-none-eabi/13.3.1/../../../../arm-none-eabi/lib/thumb/v7e-m+fp/hard\libc_nano.a(libc_a-memcpy-stub.o)
                0x080042ac                memcpy
 *(.glue_7)
 .glue_7        0x080042c8        0x0 linker stubs
 *(.glue_7t)
 .glue_7t       0x080042c8        0x0 linker stubs
 *(.eh_frame)
 .eh_frame      0x080042c8        0x0 C:/ST/STM32CubeIDE_2.0.0/STM32CubeIDE/plugins/com.st.stm32cube.ide.mcu.externaltools.gnu-tools-for-stm32.13.3.rel1.win32_1.0.100.202509120712/tools/bin/../lib/gcc/arm-none-eabi/13.3.1/thumb/v7e-m+fp/hard/crtbegin.o
 *(.init)
 .init          0x080042c8        0x4 C:/ST/STM32CubeIDE_2.0.0/STM32CubeIDE/plugins/com.st.stm32cube.ide.mcu.externaltools.gnu-tools-for-stm32.13.3.rel1.win32_1.0.100.202509120712/tools/bin/../lib/gcc/arm-none-eabi/13.3.1/thumb/v7e-m+fp/hard/crti.o
                0x080042c8                _init
 .init          0x080042cc        0x8 C:/ST/STM32CubeIDE_2.0.0/STM32CubeIDE/plugins/com.st.stm32cube.ide.mcu.externaltools.gnu-tools-for-stm32.13.3.rel1.win32_1.0.100.202509120712/tools/bin/../lib/gcc/arm-none-eabi/13.3.1/thumb/v7e-m+fp/hard/crtn.o
 *(.fini)
 .fini          0x080042d4        0x4 C:/ST/STM32CubeIDE_2.0.0/STM32CubeIDE/plugins/com.st.stm32cube.ide.mcu.externaltools.gnu-tools-for-stm32.13.3.rel1.win32_1.0.100.202509120712/tools/bin/../lib/gcc/arm-none-eabi/13.3.1/thumb/v7e-m+fp/hard/crti.o
                0x080042d4                _fini
 .fini          0x080042d8        0x8 C:/ST/STM32CubeIDE_2.0.0/STM32CubeIDE/plugins/com.st.stm32cube.ide.mcu.externaltools.gnu-tools-for-stm32.13.3.rel1.win32_1.0.100.202509120712/tools/bin/../lib/gcc/arm-none-eabi/13.3.1/thumb/v7e-m+fp/hard/crtn.o
                0x080042e0                        . = ALIGN (0x4)
                0x080042e0                        _etext = .

.vfp11_veneer   0x080042e0        0x0
 .vfp11_veneer  0x080042e0        0x0 linker stubs

.v4_bx          0x080042e0        0x0
 .v4_bx         0x080042e0        0x0 linker stubs

.iplt           0x080042e0        0x0
 .iplt          0x080042e0        0x0 C:/ST/STM32CubeIDE_2.0.0/STM32CubeIDE/plugins/com.st.stm32cube.ide.mcu.externaltools.gnu-tools-for-stm32.13.3.rel1.win32_1.0.100.202509120712/tools/bin/../lib/gcc/arm-none-eabi/13.3.1/thumb/v7e-m+fp/hard/crtbegin.o

.rodata         0x080042e0      0xd94
                0x080042e0                        . = ALIGN (0x4)
 *(.rodata)
 .rodata        0x080042e0       0x1b ./Core/Src/main.o
 *fill*         0x080042fb        0x1 
 .rodata        0x080042fc        0x3 ./Core/Src/ssd1306.o
 *(.rodata*)
 *fill*         0x080042ff        0x1 
 .rodata.Font11x18
                0x08004300      0xd5c ./Core/Src/fonts.o
                0x08004300                Font11x18
 .rodata.AHBPrescTable
                0x0800505c       0x10 ./Core/Src/system_stm32f4xx.o
                0x0800505c                AHBPrescTable
 .rodata.APBPrescTable
                0x0800506c        0x8 ./Core/Src/system_stm32f4xx.o
                0x0800506c                APBPrescTable
                0x08005074                        . = ALIGN (0x4)

.ARM.extab      0x08005074        0x0
                0x08005074                        . = ALIGN (0x4)
 *(.ARM.extab* .gnu.linkonce.armextab.*)
                0x08005074                        . = ALIGN (0x4)

.ARM            0x08005074        0x8
                0x08005074                        . = ALIGN (0x4)
                0x08005074                        __exidx_start = .
 *(.ARM.exidx*)
 .ARM.exidx     0x08005074        0x8 C:/ST/STM32CubeIDE_2.0.0/STM32CubeIDE/plugins/com.st.stm32cube.ide.mcu.externaltools.gnu-tools-for-stm32.13.3.rel1.win32_1.0.100.202509120712/tools/bin/../lib/gcc/arm-none-eabi/13.3.1/thumb/v7e-m+fp/hard\libgcc.a(_udivmoddi4.o)
                0x0800507c                        __exidx_end = .
                0x0800507c                        . = ALIGN (0x4)

.preinit_array  0x0800507c        0x0
                0x0800507c                        . = ALIGN (0x4)
                0x0800507c                        PROVIDE (__preinit_array_start = .)
 *(.preinit_array*)
                0x0800507c                        PROVIDE (__preinit_array_end = .)
                0x0800507c                        . = ALIGN (0x4)

.init_array     0x0800507c        0x4
                0x0800507c                        . = ALIGN (0x4)
                0x0800507c                        PROVIDE (__init_array_start = .)
 *(SORT_BY_NAME(.init_array.*))
 *(.init_array*)
 .init_array    0x0800507c        0x4 C:/ST/STM32CubeIDE_2.0.0/STM32CubeIDE/plugins/com.st.stm32cube.ide.mcu.externaltools.gnu-tools-for-stm32.13.3.rel1.win32_1.0.100.202509120712/tools/bin/../lib/gcc/arm-none-eabi/13.3.1/thumb/v7e-m+fp/hard/crtbegin.o
                0x08005080                        PROVIDE (__init_array_end = .)
                0x08005080                        . = ALIGN (0x4)

.fini_array     0x08005080        0x4
                0x08005080                        . = ALIGN (0x4)
                [!provide]                        PROVIDE (__fini_array_start = .)
 *(SORT_BY_NAME(.fini_array.*))
 *(.fini_array*)
 .fini_array    0x08005080        0x4 C:/ST/STM32CubeIDE_2.0.0/STM32CubeIDE/plugins/com.st.stm32cube.ide.mcu.externaltools.gnu-tools-for-stm32.13.3.rel1.win32_1.0.100.202509120712/tools/bin/../lib/gcc/arm-none-eabi/13.3.1/thumb/v7e-m+fp/hard/crtbegin.o
                [!provide]                        PROVIDE (__fini_array_end = .)
                0x08005084                        . = ALIGN (0x4)
                0x08005084                        _sidata = LOADADDR (.data)

.rel.dyn        0x08005084        0x0
 .rel.iplt      0x08005084        0x0 C:/ST/STM32CubeIDE_2.0.0/STM32CubeIDE/plugins/com.st.stm32cube.ide.mcu.externaltools.gnu-tools-for-stm32.13.3.rel1.win32_1.0.100.202509120712/tools/bin/../lib/gcc/arm-none-eabi/13.3.1/thumb/v7e-m+fp/hard/crtbegin.o

.data           0x20000000       0x34 load address 0x08005084
                0x20000000                        . = ALIGN (0x4)
                0x20000000                        _sdata = .
 *(.data)
 *(.data*)
 .data.Font_11x18
                0x20000000        0x8 ./Core/Src/fonts.o
                0x20000000                Font_11x18
 .data.SSD1306_Init_Config
                0x20000008       0x1d ./Core/Src/ssd1306.o
 *fill*         0x20000025        0x3 
 .data.SystemCoreClock
                0x20000028        0x4 ./Core/Src/system_stm32f4xx.o
                0x20000028                SystemCoreClock
 .data.uwTickPrio
                0x2000002c        0x4 ./Drivers/STM32F4xx_HAL_Driver/Src/stm32f4xx_hal.o
                0x2000002c                uwTickPrio
 .data.uwTickFreq
                0x20000030        0x1 ./Drivers/STM32F4xx_HAL_Driver/Src/stm32f4xx_hal.o
                0x20000030                uwTickFreq
 *(.RamFunc)
 *(.RamFunc*)
                0x20000034                        . = ALIGN (0x4)
 *fill*         0x20000031        0x3 
                0x20000034                        _edata = .

.igot.plt       0x20000034        0x0 load address 0x080050b8
 .igot.plt      0x20000034        0x0 C:/ST/STM32CubeIDE_2.0.0/STM32CubeIDE/plugins/com.st.stm32cube.ide.mcu.externaltools.gnu-tools-for-stm32.13.3.rel1.win32_1.0.100.202509120712/tools/bin/../lib/gcc/arm-none-eabi/13.3.1/thumb/v7e-m+fp/hard/crtbegin.o
                0x20000034                        . = ALIGN (0x4)

.bss            0x20000034      0x9ac load address 0x080050b8
                0x20000034                        _sbss = .
                0x20000034                        __bss_start__ = _sbss
 *(.bss)
 .bss           0x20000034       0x1c C:/ST/STM32CubeIDE_2.0.0/STM32CubeIDE/plugins/com.st.stm32cube.ide.mcu.externaltools.gnu-tools-for-stm32.13.3.rel1.win32_1.0.100.202509120712/tools/bin/../lib/gcc/arm-none-eabi/13.3.1/thumb/v7e-m+fp/hard/crtbegin.o
 *(.bss*)
 .bss.hi2c2     0x20000050       0x54 ./Core/Src/main.o
                0x20000050                hi2c2
 .bss.huart3    0x200000a4       0x48 ./Core/Src/main.o
                0x200000a4                huart3
 .bss.hpcd_USB_OTG_FS
                0x200000ec      0x4e4 ./Core/Src/main.o
                0x200000ec                hpcd_USB_OTG_FS
 .bss.SSD1306_CurrentX
                0x200005d0        0x2 ./Core/Src/ssd1306.o
                0x200005d0                SSD1306_CurrentX
 .bss.SSD1306_CurrentY
                0x200005d2        0x2 ./Core/Src/ssd1306.o
                0x200005d2                SSD1306_CurrentY
 .bss.SSD1306_Buffer
                0x200005d4      0x400 ./Core/Src/ssd1306.o
 .bss.SSD1306_Scroll_Commands
                0x200009d4        0x8 ./Core/Src/ssd1306.o
 .bss.uwTick    0x200009dc        0x4 ./Drivers/STM32F4xx_HAL_Driver/Src/stm32f4xx_hal.o
                0x200009dc                uwTick
 *(COMMON)
                0x200009e0                        . = ALIGN (0x4)
                0x200009e0                        _ebss = .
                0x200009e0                        __bss_end__ = _ebss

._user_heap_stack
                0x200009e0      0x600 load address 0x080050b8
                0x200009e0                        . = ALIGN (0x8)
                [!provide]                        PROVIDE (end = .)
                0x200009e0                        PROVIDE (_end = .)
                0x20000be0                        . = (. + _Min_Heap_Size)
 *fill*         0x200009e0      0x200 
                0x20000fe0                        . = (. + _Min_Stack_Size)
 *fill*         0x20000be0      0x400 
                0x20000fe0                        . = ALIGN (0x8)

/DISCARD/
 libc.a(*)
 libm.a(*)
 libgcc.a(*)

.ARM.attributes
                0x00000000       0x30
 *(.ARM.attributes)
 .ARM.attributes
                0x00000000       0x22 C:/ST/STM32CubeIDE_2.0.0/STM32CubeIDE/plugins/com.st.stm32cube.ide.mcu.externaltools.gnu-tools-for-stm32.13.3.rel1.win32_1.0.100.202509120712/tools/bin/../lib/gcc/arm-none-eabi/13.3.1/thumb/v7e-m+fp/hard/crti.o
 .ARM.attributes
                0x00000022       0x34 C:/ST/STM32CubeIDE_2.0.0/STM32CubeIDE/plugins/com.st.stm32cube.ide.mcu.externaltools.gnu-tools-for-stm32.13.3.rel1.win32_1.0.100.202509120712/tools/bin/../lib/gcc/arm-none-eabi/13.3.1/thumb/v7e-m+fp/hard/crtbegin.o
 .ARM.attributes
                0x00000056       0x34 ./Core/Src/fonts.o
 .ARM.attributes
                0x0000008a       0x34 ./Core/Src/main.o
 .ARM.attributes
                0x000000be       0x34 ./Core/Src/ssd1306.o
 .ARM.attributes
                0x000000f2       0x34 ./Core/Src/stm32f4xx_hal_msp.o
 .ARM.attributes
                0x00000126       0x34 ./Core/Src/stm32f4xx_it.o
 .ARM.attributes
                0x0000015a       0x34 ./Core/Src/system_stm32f4xx.o
 .ARM.attributes
                0x0000018e       0x21 ./Core/Startup/startup_stm32f446zetx.o
 .ARM.attributes
                0x000001af       0x34 ./Drivers/STM32F4xx_HAL_Driver/Src/stm32f4xx_hal.o
 .ARM.attributes
                0x000001e3       0x34 ./Drivers/STM32F4xx_HAL_Driver/Src/stm32f4xx_hal_cortex.o
 .ARM.attributes
                0x00000217       0x34 ./Drivers/STM32F4xx_HAL_Driver/Src/stm32f4xx_hal_gpio.o
 .ARM.attributes
                0x0000024b       0x34 ./Drivers/STM32F4xx_HAL_Driver/Src/stm32f4xx_hal_i2c.o
 .ARM.attributes
                0x0000027f       0x34 ./Drivers/STM32F4xx_HAL_Driver/Src/stm32f4xx_hal_pcd.o
 .ARM.attributes
                0x000002b3       0x34 ./Drivers/STM32F4xx_HAL_Driver/Src/stm32f4xx_hal_pcd_ex.o
 .ARM.attributes
                0x000002e7       0x34 ./Drivers/STM32F4xx_HAL_Driver/Src/stm32f4xx_hal_rcc.o
 .ARM.attributes
                0x0000031b       0x34 ./Drivers/STM32F4xx_HAL_Driver/Src/stm32f4xx_hal_rcc_ex.o
 .ARM.attributes
                0x0000034f       0x34 ./Drivers/STM32F4xx_HAL_Driver/Src/stm32f4xx_hal_uart.o
 .ARM.attributes
                0x00000383       0x34 ./Drivers/STM32F4xx_HAL_Driver/Src/stm32f4xx_ll_usb.o
 .ARM.attributes
                0x000003b7       0x34 C:/ST/STM32CubeIDE_2.0.0/STM32CubeIDE/plugins/com.st.stm32cube.ide.mcu.externaltools.gnu-tools-for-stm32.13.3.rel1.win32_1.0.100.202509120712/tools/bin/../lib/gcc/arm-none-eabi/13.3.1/../../../../arm-none-eabi/lib/thumb/v7e-m+fp/hard\libc_nano.a(libc_a-memset.o)
 .ARM.attributes
                0x000003eb       0x34 C:/ST/STM32CubeIDE_2.0.0/STM32CubeIDE/plugins/com.st.stm32cube.ide.mcu.externaltools.gnu-tools-for-stm32.13.3.rel1.win32_1.0.100.202509120712/tools/bin/../lib/gcc/arm-none-eabi/13.3.1/../../../../arm-none-eabi/lib/thumb/v7e-m+fp/hard\libc_nano.a(libc_a-init.o)
 .ARM.attributes
                0x0000041f       0x34 C:/ST/STM32CubeIDE_2.0.0/STM32CubeIDE/plugins/com.st.stm32cube.ide.mcu.externaltools.gnu-tools-for-stm32.13.3.rel1.win32_1.0.100.202509120712/tools/bin/../lib/gcc/arm-none-eabi/13.3.1/../../../../arm-none-eabi/lib/thumb/v7e-m+fp/hard\libc_nano.a(libc_a-memcpy-stub.o)
 .ARM.attributes
                0x00000453       0x22 C:/ST/STM32CubeIDE_2.0.0/STM32CubeIDE/plugins/com.st.stm32cube.ide.mcu.externaltools.gnu-tools-for-stm32.13.3.rel1.win32_1.0.100.202509120712/tools/bin/../lib/gcc/arm-none-eabi/13.3.1/thumb/v7e-m+fp/hard\libgcc.a(_aeabi_uldivmod.o)
 .ARM.attributes
                0x00000475       0x34 C:/ST/STM32CubeIDE_2.0.0/STM32CubeIDE/plugins/com.st.stm32cube.ide.mcu.externaltools.gnu-tools-for-stm32.13.3.rel1.win32_1.0.100.202509120712/tools/bin/../lib/gcc/arm-none-eabi/13.3.1/thumb/v7e-m+fp/hard\libgcc.a(_udivmoddi4.o)
 .ARM.attributes
                0x000004a9       0x22 C:/ST/STM32CubeIDE_2.0.0/STM32CubeIDE/plugins/com.st.stm32cube.ide.mcu.externaltools.gnu-tools-for-stm32.13.3.rel1.win32_1.0.100.202509120712/tools/bin/../lib/gcc/arm-none-eabi/13.3.1/thumb/v7e-m+fp/hard\libgcc.a(_dvmd_tls.o)
 .ARM.attributes
                0x000004cb       0x22 C:/ST/STM32CubeIDE_2.0.0/STM32CubeIDE/plugins/com.st.stm32cube.ide.mcu.externaltools.gnu-tools-for-stm32.13.3.rel1.win32_1.0.100.202509120712/tools/bin/../lib/gcc/arm-none-eabi/13.3.1/thumb/v7e-m+fp/hard/crtn.o
OUTPUT(Lab4.elf elf32-littlearm)
LOAD linker stubs
LOAD C:/ST/STM32CubeIDE_2.0.0/STM32CubeIDE/plugins/com.st.stm32cube.ide.mcu.externaltools.gnu-tools-for-stm32.13.3.rel1.win32_1.0.100.202509120712/tools/bin/../lib/gcc/arm-none-eabi/13.3.1/../../../../arm-none-eabi/lib/thumb/v7e-m+fp/hard\libc.a
LOAD C:/ST/STM32CubeIDE_2.0.0/STM32CubeIDE/plugins/com.st.stm32cube.ide.mcu.externaltools.gnu-tools-for-stm32.13.3.rel1.win32_1.0.100.202509120712/tools/bin/../lib/gcc/arm-none-eabi/13.3.1/../../../../arm-none-eabi/lib/thumb/v7e-m+fp/hard\libm.a
LOAD C:/ST/STM32CubeIDE_2.0.0/STM32CubeIDE/plugins/com.st.stm32cube.ide.mcu.externaltools.gnu-tools-for-stm32.13.3.rel1.win32_1.0.100.202509120712/tools/bin/../lib/gcc/arm-none-eabi/13.3.1/thumb/v7e-m+fp/hard\libgcc.a

.debug_info     0x00000000     0xf6f7
 .debug_info    0x00000000      0x164 ./Core/Src/fonts.o
 .debug_info    0x00000164     0x156f ./Core/Src/main.o
 .debug_info    0x000016d3      0xa57 ./Core/Src/ssd1306.o
 .debug_info    0x0000212a     0x139b ./Core/Src/stm32f4xx_hal_msp.o
 .debug_info    0x000034c5      0x112 ./Core/Src/stm32f4xx_it.o
 .debug_info    0x000035d7      0x54a ./Core/Src/system_stm32f4xx.o
 .debug_info    0x00003b21       0x30 ./Core/Startup/startup_stm32f446zetx.o
 .debug_info    0x00003b51      0x99a ./Drivers/STM32F4xx_HAL_Driver/Src/stm32f4xx_hal.o
 .debug_info    0x000044eb      0xdaa ./Drivers/STM32F4xx_HAL_Driver/Src/stm32f4xx_hal_cortex.o
 .debug_info    0x00005295      0x70b ./Drivers/STM32F4xx_HAL_Driver/Src/stm32f4xx_hal_gpio.o
 .debug_info    0x000059a0     0x2421 ./Drivers/STM32F4xx_HAL_Driver/Src/stm32f4xx_hal_i2c.o
 .debug_info    0x00007dc1     0x15e3 ./Drivers/STM32F4xx_HAL_Driver/Src/stm32f4xx_hal_pcd.o
 .debug_info    0x000093a4      0x7b4 ./Drivers/STM32F4xx_HAL_Driver/Src/stm32f4xx_hal_pcd_ex.o
 .debug_info    0x00009b58      0x8ff ./Drivers/STM32F4xx_HAL_Driver/Src/stm32f4xx_hal_rcc.o
 .debug_info    0x0000a457      0x960 ./Drivers/STM32F4xx_HAL_Driver/Src/stm32f4xx_hal_rcc_ex.o
 .debug_info    0x0000adb7     0x2f4f ./Drivers/STM32F4xx_HAL_Driver/Src/stm32f4xx_hal_uart.o
 .debug_info    0x0000dd06     0x19f1 ./Drivers/STM32F4xx_HAL_Driver/Src/stm32f4xx_ll_usb.o

.debug_abbrev   0x00000000     0x22f7
 .debug_abbrev  0x00000000       0xb5 ./Core/Src/fonts.o
 .debug_abbrev  0x000000b5      0x2dc ./Core/Src/main.o
 .debug_abbrev  0x00000391      0x277 ./Core/Src/ssd1306.o
 .debug_abbrev  0x00000608      0x256 ./Core/Src/stm32f4xx_hal_msp.o
 .debug_abbrev  0x0000085e       0x73 ./Core/Src/stm32f4xx_it.o
 .debug_abbrev  0x000008d1      0x11a ./Core/Src/system_stm32f4xx.o
 .debug_abbrev  0x000009eb       0x24 ./Core/Startup/startup_stm32f446zetx.o
 .debug_abbrev  0x00000a0f      0x214 ./Drivers/STM32F4xx_HAL_Driver/Src/stm32f4xx_hal.o
 .debug_abbrev  0x00000c23      0x31d ./Drivers/STM32F4xx_HAL_Driver/Src/stm32f4xx_hal_cortex.o
 .debug_abbrev  0x00000f40      0x1d4 ./Drivers/STM32F4xx_HAL_Driver/Src/stm32f4xx_hal_gpio.o
 .debug_abbrev  0x00001114      0x2ad ./Drivers/STM32F4xx_HAL_Driver/Src/stm32f4xx_hal_i2c.o
 .debug_abbrev  0x000013c1      0x2d0 ./Drivers/STM32F4xx_HAL_Driver/Src/stm32f4xx_hal_pcd.o
 .debug_abbrev  0x00001691      0x1dd ./Drivers/STM32F4xx_HAL_Driver/Src/stm32f4xx_hal_pcd_ex.o
 .debug_abbrev  0x0000186e      0x2b7 ./Drivers/STM32F4xx_HAL_Driver/Src/stm32f4xx_hal_rcc.o
 .debug_abbrev  0x00001b25      0x211 ./Drivers/STM32F4xx_HAL_Driver/Src/stm32f4xx_hal_rcc_ex.o
 .debug_abbrev  0x00001d36      0x30e ./Drivers/STM32F4xx_HAL_Driver/Src/stm32f4xx_hal_uart.o
 .debug_abbrev  0x00002044      0x2b3 ./Drivers/STM32F4xx_HAL_Driver/Src/stm32f4xx_ll_usb.o

.debug_aranges  0x00000000      0xd28
 .debug_aranges
                0x00000000       0x18 ./Core/Src/fonts.o
 .debug_aranges
                0x00000018       0x50 ./Core/Src/main.o
 .debug_aranges
                0x00000068       0x68 ./Core/Src/ssd1306.o
 .debug_aranges
                0x000000d0       0x50 ./Core/Src/stm32f4xx_hal_msp.o
 .debug_aranges
                0x00000120       0x60 ./Core/Src/stm32f4xx_it.o
 .debug_aranges
                0x00000180       0x28 ./Core/Src/system_stm32f4xx.o
 .debug_aranges
                0x000001a8       0x28 ./Core/Startup/startup_stm32f446zetx.o
 .debug_aranges
                0x000001d0       0xf0 ./Drivers/STM32F4xx_HAL_Driver/Src/stm32f4xx_hal.o
 .debug_aranges
                0x000002c0      0x130 ./Drivers/STM32F4xx_HAL_Driver/Src/stm32f4xx_hal_cortex.o
 .debug_aranges
                0x000003f0       0x58 ./Drivers/STM32F4xx_HAL_Driver/Src/stm32f4xx_hal_gpio.o
 .debug_aranges
                0x00000448      0x2a8 ./Drivers/STM32F4xx_HAL_Driver/Src/stm32f4xx_hal_i2c.o
 .debug_aranges
                0x000006f0      0x148 ./Drivers/STM32F4xx_HAL_Driver/Src/stm32f4xx_hal_pcd.o
 .debug_aranges
                0x00000838       0x48 ./Drivers/STM32F4xx_HAL_Driver/Src/stm32f4xx_hal_pcd_ex.o
 .debug_aranges
                0x00000880       0x88 ./Drivers/STM32F4xx_HAL_Driver/Src/stm32f4xx_hal_rcc.o
 .debug_aranges
                0x00000908       0x78 ./Drivers/STM32F4xx_HAL_Driver/Src/stm32f4xx_hal_rcc_ex.o
 .debug_aranges
                0x00000980      0x208 ./Drivers/STM32F4xx_HAL_Driver/Src/stm32f4xx_hal_uart.o
 .debug_aranges
                0x00000b88      0x1a0 ./Drivers/STM32F4xx_HAL_Driver/Src/stm32f4xx_ll_usb.o

.debug_macro    0x00000000    0x2228e
 .debug_macro   0x00000000      0x2cf ./Core/Src/fonts.o
 .debug_macro   0x000002cf      0xad8 ./Core/Src/fonts.o
 .debug_macro   0x00000da7      0x2a1 ./Core/Src/fonts.o
 .debug_macro   0x00001048       0x2e ./Core/Src/fonts.o
 .debug_macro   0x00001076       0x28 ./Core/Src/fonts.o
 .debug_macro   0x0000109e       0x22 ./Core/Src/fonts.o
 .debug_macro   0x000010c0       0x8e ./Core/Src/fonts.o
 .debug_macro   0x0000114e       0x51 ./Core/Src/fonts.o
 .debug_macro   0x0000119f      0x103 ./Core/Src/fonts.o
 .debug_macro   0x000012a2       0x6a ./Core/Src/fonts.o
 .debug_macro   0x0000130c      0x1df ./Core/Src/fonts.o
 .debug_macro   0x000014eb       0x1c ./Core/Src/fonts.o
 .debug_macro   0x00001507       0x22 ./Core/Src/fonts.o
 .debug_macro   0x00001529       0xfb ./Core/Src/fonts.o
 .debug_macro   0x00001624     0x1011 ./Core/Src/fonts.o
 .debug_macro   0x00002635      0x11f ./Core/Src/fonts.o
 .debug_macro   0x00002754    0x1675e ./Core/Src/fonts.o
 .debug_macro   0x00018eb2       0x6d ./Core/Src/fonts.o
 .debug_macro   0x00018f1f     0x3693 ./Core/Src/fonts.o
 .debug_macro   0x0001c5b2      0x190 ./Core/Src/fonts.o
 .debug_macro   0x0001c742       0x5c ./Core/Src/fonts.o
 .debug_macro   0x0001c79e      0xca5 ./Core/Src/fonts.o
 .debug_macro   0x0001d443      0x9e9 ./Core/Src/fonts.o
 .debug_macro   0x0001de2c      0x115 ./Core/Src/fonts.o
 .debug_macro   0x0001df41      0x1a0 ./Core/Src/fonts.o
 .debug_macro   0x0001e0e1       0xa5 ./Core/Src/fonts.o
 .debug_macro   0x0001e186      0x16d ./Core/Src/fonts.o
 .debug_macro   0x0001e2f3      0x287 ./Core/Src/fonts.o
 .debug_macro   0x0001e57a       0x5f ./Core/Src/fonts.o
 .debug_macro   0x0001e5d9      0x236 ./Core/Src/fonts.o
 .debug_macro   0x0001e80f      0x132 ./Core/Src/fonts.o
 .debug_macro   0x0001e941      0x29c ./Core/Src/fonts.o
 .debug_macro   0x0001ebdd       0x2e ./Core/Src/fonts.o
 .debug_macro   0x0001ec0b      0x1b5 ./Core/Src/fonts.o
 .debug_macro   0x0001edc0       0x22 ./Core/Src/fonts.o
 .debug_macro   0x0001ede2       0xd6 ./Core/Src/fonts.o
 .debug_macro   0x0001eeb8      0x127 ./Core/Src/fonts.o
 .debug_macro   0x0001efdf       0xe8 ./Core/Src/fonts.o
 .debug_macro   0x0001f0c7       0x89 ./Core/Src/fonts.o
 .debug_macro   0x0001f150      0x2aa ./Core/Src/fonts.o
 .debug_macro   0x0001f3fa      0x293 ./Core/Src/fonts.o
 .debug_macro   0x0001f68d       0xba ./Core/Src/fonts.o
 .debug_macro   0x0001f747      0x126 ./Core/Src/fonts.o
 .debug_macro   0x0001f86d       0x61 ./Core/Src/fonts.o
 .debug_macro   0x0001f8ce       0x2a ./Core/Src/fonts.o
 .debug_macro   0x0001f8f8       0x43 ./Core/Src/fonts.o
 .debug_macro   0x0001f93b       0x34 ./Core/Src/fonts.o
 .debug_macro   0x0001f96f      0x370 ./Core/Src/fonts.o
 .debug_macro   0x0001fcdf       0x16 ./Core/Src/fonts.o
 .debug_macro   0x0001fcf5       0x4a ./Core/Src/fonts.o
 .debug_macro   0x0001fd3f       0x34 ./Core/Src/fonts.o
 .debug_macro   0x0001fd73       0x10 ./Core/Src/fonts.o
 .debug_macro   0x0001fd83       0x58 ./Core/Src/fonts.o
 .debug_macro   0x0001fddb       0x8e ./Core/Src/fonts.o
 .debug_macro   0x0001fe69       0x1c ./Core/Src/fonts.o
 .debug_macro   0x0001fe85      0x185 ./Core/Src/fonts.o
 .debug_macro   0x0002000a       0x10 ./Core/Src/fonts.o
 .debug_macro   0x0002001a       0x3c ./Core/Src/fonts.o
 .debug_macro   0x00020056       0x20 ./Core/Src/fonts.o
 .debug_macro   0x00020076      0x321 ./Core/Src/main.o
 .debug_macro   0x00020397       0xc4 ./Core/Src/main.o
 .debug_macro   0x0002045b       0x16 ./Core/Src/main.o
 .debug_macro   0x00020471       0x16 ./Core/Src/main.o
 .debug_macro   0x00020487       0x29 ./Core/Src/main.o
 .debug_macro   0x000204b0       0x34 ./Core/Src/main.o
 .debug_macro   0x000204e4      0x312 ./Core/Src/ssd1306.o
 .debug_macro   0x000207f6      0x206 ./Core/Src/stm32f4xx_hal_msp.o
 .debug_macro   0x000209fc      0x210 ./Core/Src/stm32f4xx_it.o
 .debug_macro   0x00020c0c      0x1f7 ./Core/Src/system_stm32f4xx.o
 .debug_macro   0x00020e03      0x257 ./Drivers/STM32F4xx_HAL_Driver/Src/stm32f4xx_hal.o
 .debug_macro   0x0002105a      0x1f7 ./Drivers/STM32F4xx_HAL_Driver/Src/stm32f4xx_hal_cortex.o
 .debug_macro   0x00021251      0x1fd ./Drivers/STM32F4xx_HAL_Driver/Src/stm32f4xx_hal_gpio.o
 .debug_macro   0x0002144e      0x245 ./Drivers/STM32F4xx_HAL_Driver/Src/stm32f4xx_hal_i2c.o
 .debug_macro   0x00021693      0x203 ./Drivers/STM32F4xx_HAL_Driver/Src/stm32f4xx_hal_pcd.o
 .debug_macro   0x00021896      0x1f7 ./Drivers/STM32F4xx_HAL_Driver/Src/stm32f4xx_hal_pcd_ex.o
 .debug_macro   0x00021a8d      0x21b ./Drivers/STM32F4xx_HAL_Driver/Src/stm32f4xx_hal_rcc.o
 .debug_macro   0x00021ca8      0x1f7 ./Drivers/STM32F4xx_HAL_Driver/Src/stm32f4xx_hal_rcc_ex.o
 .debug_macro   0x00021e9f      0x1f8 ./Drivers/STM32F4xx_HAL_Driver/Src/stm32f4xx_hal_uart.o
 .debug_macro   0x00022097      0x1f7 ./Drivers/STM32F4xx_HAL_Driver/Src/stm32f4xx_ll_usb.o

.debug_line     0x00000000    0x11bfd
 .debug_line    0x00000000      0x8d0 ./Core/Src/fonts.o
 .debug_line    0x000008d0      0xad5 ./Core/Src/main.o
 .debug_line    0x000013a5      0xb2e ./Core/Src/ssd1306.o
 .debug_line    0x00001ed3      0x89e ./Core/Src/stm32f4xx_hal_msp.o
 .debug_line    0x00002771      0x840 ./Core/Src/stm32f4xx_it.o
 .debug_line    0x00002fb1      0x807 ./Core/Src/system_stm32f4xx.o
 .debug_line    0x000037b8       0x7a ./Core/Startup/startup_stm32f446zetx.o
 .debug_line    0x00003832      0xa83 ./Drivers/STM32F4xx_HAL_Driver/Src/stm32f4xx_hal.o
 .debug_line    0x000042b5      0xd53 ./Drivers/STM32F4xx_HAL_Driver/Src/stm32f4xx_hal_cortex.o
 .debug_line    0x00005008      0xbc7 ./Drivers/STM32F4xx_HAL_Driver/Src/stm32f4xx_hal_gpio.o
 .debug_line    0x00005bcf     0x3b30 ./Drivers/STM32F4xx_HAL_Driver/Src/stm32f4xx_hal_i2c.o
 .debug_line    0x000096ff     0x14fe ./Drivers/STM32F4xx_HAL_Driver/Src/stm32f4xx_hal_pcd.o
 .debug_line    0x0000abfd      0x8a3 ./Drivers/STM32F4xx_HAL_Driver/Src/stm32f4xx_hal_pcd_ex.o
 .debug_line    0x0000b4a0      0xe9e ./Drivers/STM32F4xx_HAL_Driver/Src/stm32f4xx_hal_rcc.o
 .debug_line    0x0000c33e     0x154f ./Drivers/STM32F4xx_HAL_Driver/Src/stm32f4xx_hal_rcc_ex.o
 .debug_line    0x0000d88d     0x25cb ./Drivers/STM32F4xx_HAL_Driver/Src/stm32f4xx_hal_uart.o
 .debug_line    0x0000fe58     0x1da5 ./Drivers/STM32F4xx_HAL_Driver/Src/stm32f4xx_ll_usb.o

.debug_str      0x00000000    0xccecd
 .debug_str     0x00000000    0xccecd ./Core/Src/fonts.o
                              0xc85b0 (size before relaxing)
 .debug_str     0x000ccecd        0x0 ./Core/Src/main.o
                              0xc99df (size before relaxing)
 .debug_str     0x000ccecd        0x0 ./Core/Src/ssd1306.o
                              0xc8e87 (size before relaxing)
 .debug_str     0x000ccecd        0x0 ./Core/Src/stm32f4xx_hal_msp.o
                              0xc6527 (size before relaxing)
 .debug_str     0x000ccecd        0x0 ./Core/Src/stm32f4xx_it.o
                              0xc56e3 (size before relaxing)
 .debug_str     0x000ccecd        0x0 ./Core/Src/system_stm32f4xx.o
                              0xc5549 (size before relaxing)
 .debug_str     0x000ccecd        0x0 ./Core/Startup/startup_stm32f446zetx.o
                                 0xdd (size before relaxing)
 .debug_str     0x000ccecd        0x0 ./Drivers/STM32F4xx_HAL_Driver/Src/stm32f4xx_hal.o
                              0xc610e (size before relaxing)
 .debug_str     0x000ccecd        0x0 ./Drivers/STM32F4xx_HAL_Driver/Src/stm32f4xx_hal_cortex.o
                              0xc5e65 (size before relaxing)
 .debug_str     0x000ccecd        0x0 ./Drivers/STM32F4xx_HAL_Driver/Src/stm32f4xx_hal_gpio.o
                              0xc56c4 (size before relaxing)
 .debug_str     0x000ccecd        0x0 ./Drivers/STM32F4xx_HAL_Driver/Src/stm32f4xx_hal_i2c.o
                              0xc6547 (size before relaxing)
 .debug_str     0x000ccecd        0x0 ./Drivers/STM32F4xx_HAL_Driver/Src/stm32f4xx_hal_pcd.o
                              0xc605a (size before relaxing)
 .debug_str     0x000ccecd        0x0 ./Drivers/STM32F4xx_HAL_Driver/Src/stm32f4xx_hal_pcd_ex.o
                              0xc595c (size before relaxing)
 .debug_str     0x000ccecd        0x0 ./Drivers/STM32F4xx_HAL_Driver/Src/stm32f4xx_hal_rcc.o
                              0xc5982 (size before relaxing)
 .debug_str     0x000ccecd        0x0 ./Drivers/STM32F4xx_HAL_Driver/Src/stm32f4xx_hal_rcc_ex.o
                              0xc59b5 (size before relaxing)
 .debug_str     0x000ccecd        0x0 ./Drivers/STM32F4xx_HAL_Driver/Src/stm32f4xx_hal_uart.o
                              0xc5f39 (size before relaxing)
 .debug_str     0x000ccecd        0x0 ./Drivers/STM32F4xx_HAL_Driver/Src/stm32f4xx_ll_usb.o
                              0xc5f16 (size before relaxing)

.comment        0x00000000       0x43
 .comment       0x00000000       0x43 ./Core/Src/fonts.o
                                 0x44 (size before relaxing)
 .comment       0x00000043        0x0 ./Core/Src/main.o
                                 0x44 (size before relaxing)
 .comment       0x00000043        0x0 ./Core/Src/ssd1306.o
                                 0x44 (size before relaxing)
 .comment       0x00000043        0x0 ./Core/Src/stm32f4xx_hal_msp.o
                                 0x44 (size before relaxing)
 .comment       0x00000043        0x0 ./Core/Src/stm32f4xx_it.o
                                 0x44 (size before relaxing)
 .comment       0x00000043        0x0 ./Core/Src/system_stm32f4xx.o
                                 0x44 (size before relaxing)
 .comment       0x00000043        0x0 ./Drivers/STM32F4xx_HAL_Driver/Src/stm32f4xx_hal.o
                                 0x44 (size before relaxing)
 .comment       0x00000043        0x0 ./Drivers/STM32F4xx_HAL_Driver/Src/stm32f4xx_hal_cortex.o
                                 0x44 (size before relaxing)
 .comment       0x00000043        0x0 ./Drivers/STM32F4xx_HAL_Driver/Src/stm32f4xx_hal_gpio.o
                                 0x44 (size before relaxing)
 .comment       0x00000043        0x0 ./Drivers/STM32F4xx_HAL_Driver/Src/stm32f4xx_hal_i2c.o
                                 0x44 (size before relaxing)
 .comment       0x00000043        0x0 ./Drivers/STM32F4xx_HAL_Driver/Src/stm32f4xx_hal_pcd.o
                                 0x44 (size before relaxing)
 .comment       0x00000043        0x0 ./Drivers/STM32F4xx_HAL_Driver/Src/stm32f4xx_hal_pcd_ex.o
                                 0x44 (size before relaxing)
 .comment       0x00000043        0x0 ./Drivers/STM32F4xx_HAL_Driver/Src/stm32f4xx_hal_rcc.o
                                 0x44 (size before relaxing)
 .comment       0x00000043        0x0 ./Drivers/STM32F4xx_HAL_Driver/Src/stm32f4xx_hal_rcc_ex.o
                                 0x44 (size before relaxing)
 .comment       0x00000043        0x0 ./Drivers/STM32F4xx_HAL_Driver/Src/stm32f4xx_hal_uart.o
                                 0x44 (size before relaxing)
 .comment       0x00000043        0x0 ./Drivers/STM32F4xx_HAL_Driver/Src/stm32f4xx_ll_usb.o
                                 0x44 (size before relaxing)

.debug_rnglists
                0x00000000      0xa33
 .debug_rnglists
                0x00000000       0x3a ./Core/Src/main.o
 .debug_rnglists
                0x0000003a       0x4c ./Core/Src/ssd1306.o
 .debug_rnglists
                0x00000086       0x3a ./Core/Src/stm32f4xx_hal_msp.o
 .debug_rnglists
                0x000000c0       0x43 ./Core/Src/stm32f4xx_it.o
 .debug_rnglists
                0x00000103       0x1a ./Core/Src/system_stm32f4xx.o
 .debug_rnglists
                0x0000011d       0x19 ./Core/Startup/startup_stm32f446zetx.o
 .debug_rnglists
                0x00000136       0xaf ./Drivers/STM32F4xx_HAL_Driver/Src/stm32f4xx_hal.o
 .debug_rnglists
                0x000001e5       0xe0 ./Drivers/STM32F4xx_HAL_Driver/Src/stm32f4xx_hal_cortex.o
 .debug_rnglists
                0x000002c5       0x3f ./Drivers/STM32F4xx_HAL_Driver/Src/stm32f4xx_hal_gpio.o
 .debug_rnglists
                0x00000304      0x23c ./Drivers/STM32F4xx_HAL_Driver/Src/stm32f4xx_hal_i2c.o
 .debug_rnglists
                0x00000540       0xfa ./Drivers/STM32F4xx_HAL_Driver/Src/stm32f4xx_hal_pcd.o
 .debug_rnglists
                0x0000063a       0x32 ./Drivers/STM32F4xx_HAL_Driver/Src/stm32f4xx_hal_pcd_ex.o
 .debug_rnglists
                0x0000066c       0x66 ./Drivers/STM32F4xx_HAL_Driver/Src/stm32f4xx_hal_rcc.o
 .debug_rnglists
                0x000006d2       0x5e ./Drivers/STM32F4xx_HAL_Driver/Src/stm32f4xx_hal_rcc_ex.o
 .debug_rnglists
                0x00000730      0x1bc ./Drivers/STM32F4xx_HAL_Driver/Src/stm32f4xx_hal_uart.o
 .debug_rnglists
                0x000008ec      0x147 ./Drivers/STM32F4xx_HAL_Driver/Src/stm32f4xx_ll_usb.o

.debug_frame    0x00000000     0x3790
 .debug_frame   0x00000000       0xe0 ./Core/Src/main.o
 .debug_frame   0x000000e0      0x178 ./Core/Src/ssd1306.o
 .debug_frame   0x00000258      0x114 ./Core/Src/stm32f4xx_hal_msp.o
 .debug_frame   0x0000036c      0x104 ./Core/Src/stm32f4xx_it.o
 .debug_frame   0x00000470       0x58 ./Core/Src/system_stm32f4xx.o
 .debug_frame   0x000004c8      0x374 ./Drivers/STM32F4xx_HAL_Driver/Src/stm32f4xx_hal.o
 .debug_frame   0x0000083c      0x508 ./Drivers/STM32F4xx_HAL_Driver/Src/stm32f4xx_hal_cortex.o
 .debug_frame   0x00000d44      0x14c ./Drivers/STM32F4xx_HAL_Driver/Src/stm32f4xx_hal_gpio.o
 .debug_frame   0x00000e90      0xc84 ./Drivers/STM32F4xx_HAL_Driver/Src/stm32f4xx_hal_i2c.o
 .debug_frame   0x00001b14      0x5b8 ./Drivers/STM32F4xx_HAL_Driver/Src/stm32f4xx_hal_pcd.o
 .debug_frame   0x000020cc      0x100 ./Drivers/STM32F4xx_HAL_Driver/Src/stm32f4xx_hal_pcd_ex.o
 .debug_frame   0x000021cc      0x1f4 ./Drivers/STM32F4xx_HAL_Driver/Src/stm32f4xx_hal_rcc.o
 .debug_frame   0x000023c0      0x1e8 ./Drivers/STM32F4xx_HAL_Driver/Src/stm32f4xx_hal_rcc_ex.o
 .debug_frame   0x000025a8      0x954 ./Drivers/STM32F4xx_HAL_Driver/Src/stm32f4xx_hal_uart.o
 .debug_frame   0x00002efc      0x7c0 ./Drivers/STM32F4xx_HAL_Driver/Src/stm32f4xx_ll_usb.o
 .debug_frame   0x000036bc       0x20 C:/ST/STM32CubeIDE_2.0.0/STM32CubeIDE/plugins/com.st.stm32cube.ide.mcu.externaltools.gnu-tools-for-stm32.13.3.rel1.win32_1.0.100.202509120712/tools/bin/../lib/gcc/arm-none-eabi/13.3.1/../../../../arm-none-eabi/lib/thumb/v7e-m+fp/hard\libc_nano.a(libc_a-memset.o)
 .debug_frame   0x000036dc       0x2c C:/ST/STM32CubeIDE_2.0.0/STM32CubeIDE/plugins/com.st.stm32cube.ide.mcu.externaltools.gnu-tools-for-stm32.13.3.rel1.win32_1.0.100.202509120712/tools/bin/../lib/gcc/arm-none-eabi/13.3.1/../../../../arm-none-eabi/lib/thumb/v7e-m+fp/hard\libc_nano.a(libc_a-init.o)
 .debug_frame   0x00003708       0x28 C:/ST/STM32CubeIDE_2.0.0/STM32CubeIDE/plugins/com.st.stm32cube.ide.mcu.externaltools.gnu-tools-for-stm32.13.3.rel1.win32_1.0.100.202509120712/tools/bin/../lib/gcc/arm-none-eabi/13.3.1/../../../../arm-none-eabi/lib/thumb/v7e-m+fp/hard\libc_nano.a(libc_a-memcpy-stub.o)
 .debug_frame   0x00003730       0x2c C:/ST/STM32CubeIDE_2.0.0/STM32CubeIDE/plugins/com.st.stm32cube.ide.mcu.externaltools.gnu-tools-for-stm32.13.3.rel1.win32_1.0.100.202509120712/tools/bin/../lib/gcc/arm-none-eabi/13.3.1/thumb/v7e-m+fp/hard\libgcc.a(_aeabi_uldivmod.o)
 .debug_frame   0x0000375c       0x34 C:/ST/STM32CubeIDE_2.0.0/STM32CubeIDE/plugins/com.st.stm32cube.ide.mcu.externaltools.gnu-tools-for-stm32.13.3.rel1.win32_1.0.100.202509120712/tools/bin/../lib/gcc/arm-none-eabi/13.3.1/thumb/v7e-m+fp/hard\libgcc.a(_udivmoddi4.o)

.debug_line_str
                0x00000000       0xc1
 .debug_line_str
                0x00000000       0xc1 ./Core/Startup/startup_stm32f446zetx.o
